<?xml version="1.0"?>
<link_info>
   <banner>MSP430 Linker PC v4.3.5</banner>
   <copyright>Copyright (c) 2003-2014 Texas Instruments Incorporated</copyright>
   <link_time>0x546580a0</link_time>
   <link_errors>0x0</link_errors>
   <output_file>SD.out</output_file>
   <entry_point>
      <name>_c_int00</name>
      <address>0x4400</address>
   </entry_point>
   <input_file_list>
      <input_file id="fl-2">
         <path>.\</path>
         <kind>object</kind>
         <file>main_SD.obj</file>
         <name>main_SD.obj</name>
      </input_file>
      <input_file id="fl-3">
         <path>.\FatFS\</path>
         <kind>object</kind>
         <file>diskio.obj</file>
         <name>diskio.obj</name>
      </input_file>
      <input_file id="fl-4">
         <path>.\FatFS\</path>
         <kind>object</kind>
         <file>ff.obj</file>
         <name>ff.obj</name>
      </input_file>
      <input_file id="fl-38">
         <path>c:\ti\ccsv6\tools\compiler\msp430_4.3.5\lib\</path>
         <kind>archive</kind>
         <file>rts430x_lc_rd_eabi.lib</file>
         <name>copy_decompress_none.obj</name>
      </input_file>
      <input_file id="fl-39">
         <path>c:\ti\ccsv6\tools\compiler\msp430_4.3.5\lib\</path>
         <kind>archive</kind>
         <file>rts430x_lc_rd_eabi.lib</file>
         <name>copy_decompress_rle.obj</name>
      </input_file>
      <input_file id="fl-3a">
         <path>c:\ti\ccsv6\tools\compiler\msp430_4.3.5\lib\</path>
         <kind>archive</kind>
         <file>rts430x_lc_rd_eabi.lib</file>
         <name>int30.obj</name>
      </input_file>
      <input_file id="fl-3b">
         <path>c:\ti\ccsv6\tools\compiler\msp430_4.3.5\lib\</path>
         <kind>archive</kind>
         <file>rts430x_lc_rd_eabi.lib</file>
         <name>isr_trap.obj</name>
      </input_file>
      <input_file id="fl-3c">
         <path>c:\ti\ccsv6\tools\compiler\msp430_4.3.5\lib\</path>
         <kind>archive</kind>
         <file>rts430x_lc_rd_eabi.lib</file>
         <name>int31.obj</name>
      </input_file>
      <input_file id="fl-3d">
         <path>c:\ti\ccsv6\tools\compiler\msp430_4.3.5\lib\</path>
         <kind>archive</kind>
         <file>rts430x_lc_rd_eabi.lib</file>
         <name>int32.obj</name>
      </input_file>
      <input_file id="fl-3e">
         <path>c:\ti\ccsv6\tools\compiler\msp430_4.3.5\lib\</path>
         <kind>archive</kind>
         <file>rts430x_lc_rd_eabi.lib</file>
         <name>int33.obj</name>
      </input_file>
      <input_file id="fl-3f">
         <path>c:\ti\ccsv6\tools\compiler\msp430_4.3.5\lib\</path>
         <kind>archive</kind>
         <file>rts430x_lc_rd_eabi.lib</file>
         <name>int34.obj</name>
      </input_file>
      <input_file id="fl-40">
         <path>c:\ti\ccsv6\tools\compiler\msp430_4.3.5\lib\</path>
         <kind>archive</kind>
         <file>rts430x_lc_rd_eabi.lib</file>
         <name>int35.obj</name>
      </input_file>
      <input_file id="fl-41">
         <path>c:\ti\ccsv6\tools\compiler\msp430_4.3.5\lib\</path>
         <kind>archive</kind>
         <file>rts430x_lc_rd_eabi.lib</file>
         <name>int36.obj</name>
      </input_file>
      <input_file id="fl-42">
         <path>c:\ti\ccsv6\tools\compiler\msp430_4.3.5\lib\</path>
         <kind>archive</kind>
         <file>rts430x_lc_rd_eabi.lib</file>
         <name>int37.obj</name>
      </input_file>
      <input_file id="fl-43">
         <path>c:\ti\ccsv6\tools\compiler\msp430_4.3.5\lib\</path>
         <kind>archive</kind>
         <file>rts430x_lc_rd_eabi.lib</file>
         <name>int38.obj</name>
      </input_file>
      <input_file id="fl-44">
         <path>c:\ti\ccsv6\tools\compiler\msp430_4.3.5\lib\</path>
         <kind>archive</kind>
         <file>rts430x_lc_rd_eabi.lib</file>
         <name>int39.obj</name>
      </input_file>
      <input_file id="fl-45">
         <path>c:\ti\ccsv6\tools\compiler\msp430_4.3.5\lib\</path>
         <kind>archive</kind>
         <file>rts430x_lc_rd_eabi.lib</file>
         <name>int40.obj</name>
      </input_file>
      <input_file id="fl-46">
         <path>c:\ti\ccsv6\tools\compiler\msp430_4.3.5\lib\</path>
         <kind>archive</kind>
         <file>rts430x_lc_rd_eabi.lib</file>
         <name>int41.obj</name>
      </input_file>
      <input_file id="fl-47">
         <path>c:\ti\ccsv6\tools\compiler\msp430_4.3.5\lib\</path>
         <kind>archive</kind>
         <file>rts430x_lc_rd_eabi.lib</file>
         <name>int42.obj</name>
      </input_file>
      <input_file id="fl-48">
         <path>c:\ti\ccsv6\tools\compiler\msp430_4.3.5\lib\</path>
         <kind>archive</kind>
         <file>rts430x_lc_rd_eabi.lib</file>
         <name>int43.obj</name>
      </input_file>
      <input_file id="fl-49">
         <path>c:\ti\ccsv6\tools\compiler\msp430_4.3.5\lib\</path>
         <kind>archive</kind>
         <file>rts430x_lc_rd_eabi.lib</file>
         <name>int44.obj</name>
      </input_file>
      <input_file id="fl-4a">
         <path>c:\ti\ccsv6\tools\compiler\msp430_4.3.5\lib\</path>
         <kind>archive</kind>
         <file>rts430x_lc_rd_eabi.lib</file>
         <name>int45.obj</name>
      </input_file>
      <input_file id="fl-4b">
         <path>c:\ti\ccsv6\tools\compiler\msp430_4.3.5\lib\</path>
         <kind>archive</kind>
         <file>rts430x_lc_rd_eabi.lib</file>
         <name>int46.obj</name>
      </input_file>
      <input_file id="fl-4c">
         <path>c:\ti\ccsv6\tools\compiler\msp430_4.3.5\lib\</path>
         <kind>archive</kind>
         <file>rts430x_lc_rd_eabi.lib</file>
         <name>int47.obj</name>
      </input_file>
      <input_file id="fl-4d">
         <path>c:\ti\ccsv6\tools\compiler\msp430_4.3.5\lib\</path>
         <kind>archive</kind>
         <file>rts430x_lc_rd_eabi.lib</file>
         <name>int48.obj</name>
      </input_file>
      <input_file id="fl-4e">
         <path>c:\ti\ccsv6\tools\compiler\msp430_4.3.5\lib\</path>
         <kind>archive</kind>
         <file>rts430x_lc_rd_eabi.lib</file>
         <name>int49.obj</name>
      </input_file>
      <input_file id="fl-4f">
         <path>c:\ti\ccsv6\tools\compiler\msp430_4.3.5\lib\</path>
         <kind>archive</kind>
         <file>rts430x_lc_rd_eabi.lib</file>
         <name>int50.obj</name>
      </input_file>
      <input_file id="fl-50">
         <path>c:\ti\ccsv6\tools\compiler\msp430_4.3.5\lib\</path>
         <kind>archive</kind>
         <file>rts430x_lc_rd_eabi.lib</file>
         <name>int51.obj</name>
      </input_file>
      <input_file id="fl-51">
         <path>c:\ti\ccsv6\tools\compiler\msp430_4.3.5\lib\</path>
         <kind>archive</kind>
         <file>rts430x_lc_rd_eabi.lib</file>
         <name>int52.obj</name>
      </input_file>
      <input_file id="fl-52">
         <path>c:\ti\ccsv6\tools\compiler\msp430_4.3.5\lib\</path>
         <kind>archive</kind>
         <file>rts430x_lc_rd_eabi.lib</file>
         <name>int53.obj</name>
      </input_file>
      <input_file id="fl-53">
         <path>c:\ti\ccsv6\tools\compiler\msp430_4.3.5\lib\</path>
         <kind>archive</kind>
         <file>rts430x_lc_rd_eabi.lib</file>
         <name>int54.obj</name>
      </input_file>
      <input_file id="fl-54">
         <path>c:\ti\ccsv6\tools\compiler\msp430_4.3.5\lib\</path>
         <kind>archive</kind>
         <file>rts430x_lc_rd_eabi.lib</file>
         <name>copy_zero_init.obj</name>
      </input_file>
      <input_file id="fl-55">
         <path>c:\ti\ccsv6\tools\compiler\msp430_4.3.5\lib\</path>
         <kind>archive</kind>
         <file>rts430x_lc_rd_eabi.lib</file>
         <name>div32u.obj</name>
      </input_file>
      <input_file id="fl-56">
         <path>c:\ti\ccsv6\tools\compiler\msp430_4.3.5\lib\</path>
         <kind>archive</kind>
         <file>rts430x_lc_rd_eabi.lib</file>
         <name>fs_tol.obj</name>
      </input_file>
      <input_file id="fl-57">
         <path>c:\ti\ccsv6\tools\compiler\msp430_4.3.5\lib\</path>
         <kind>archive</kind>
         <file>rts430x_lc_rd_eabi.lib</file>
         <name>fs_mpy.obj</name>
      </input_file>
      <input_file id="fl-58">
         <path>c:\ti\ccsv6\tools\compiler\msp430_4.3.5\lib\</path>
         <kind>archive</kind>
         <file>rts430x_lc_rd_eabi.lib</file>
         <name>mult16_f5hw.obj</name>
      </input_file>
      <input_file id="fl-59">
         <path>c:\ti\ccsv6\tools\compiler\msp430_4.3.5\lib\</path>
         <kind>archive</kind>
         <file>rts430x_lc_rd_eabi.lib</file>
         <name>mult32_f5hw.obj</name>
      </input_file>
      <input_file id="fl-5a">
         <path>c:\ti\ccsv6\tools\compiler\msp430_4.3.5\lib\</path>
         <kind>archive</kind>
         <file>rts430x_lc_rd_eabi.lib</file>
         <name>lsl32.obj</name>
      </input_file>
      <input_file id="fl-5b">
         <path>c:\ti\ccsv6\tools\compiler\msp430_4.3.5\lib\</path>
         <kind>archive</kind>
         <file>rts430x_lc_rd_eabi.lib</file>
         <name>lsr32.obj</name>
      </input_file>
      <input_file id="fl-5c">
         <path>c:\ti\ccsv6\tools\compiler\msp430_4.3.5\lib\</path>
         <kind>archive</kind>
         <file>rts430x_lc_rd_eabi.lib</file>
         <name>boot.obj</name>
      </input_file>
      <input_file id="fl-5d">
         <path>c:\ti\ccsv6\tools\compiler\msp430_4.3.5\lib\</path>
         <kind>archive</kind>
         <file>rts430x_lc_rd_eabi.lib</file>
         <name>mpu_init.obj</name>
      </input_file>
      <input_file id="fl-5e">
         <path>c:\ti\ccsv6\tools\compiler\msp430_4.3.5\lib\</path>
         <kind>archive</kind>
         <file>rts430x_lc_rd_eabi.lib</file>
         <name>args_main.obj</name>
      </input_file>
      <input_file id="fl-5f">
         <path>c:\ti\ccsv6\tools\compiler\msp430_4.3.5\lib\</path>
         <kind>archive</kind>
         <file>rts430x_lc_rd_eabi.lib</file>
         <name>autoinit.obj</name>
      </input_file>
      <input_file id="fl-60">
         <path>c:\ti\ccsv6\tools\compiler\msp430_4.3.5\lib\</path>
         <kind>archive</kind>
         <file>rts430x_lc_rd_eabi.lib</file>
         <name>pre_init.obj</name>
      </input_file>
      <input_file id="fl-61">
         <path>c:\ti\ccsv6\tools\compiler\msp430_4.3.5\lib\</path>
         <kind>archive</kind>
         <file>rts430x_lc_rd_eabi.lib</file>
         <name>exit.obj</name>
      </input_file>
      <input_file id="fl-62">
         <path>c:\ti\ccsv6\tools\compiler\msp430_4.3.5\lib\</path>
         <kind>archive</kind>
         <file>rts430x_lc_rd_eabi.lib</file>
         <name>_lock.obj</name>
      </input_file>
      <input_file id="fl-63">
         <path>c:\ti\ccsv6\tools\compiler\msp430_4.3.5\lib\</path>
         <kind>archive</kind>
         <file>rts430x_lc_rd_eabi.lib</file>
         <name>memcpy.obj</name>
      </input_file>
   </input_file_list>
   <object_component_list>
      <object_component id="oc-377">
         <name>.cinit..data.load</name>
         <load_address>0x4448</load_address>
         <run_address>0x4448</run_address>
         <size>0xe</size>
      </object_component>
      <object_component id="oc-374">
         <name>__TI_handler_table</name>
         <load_address>0x4456</load_address>
         <run_address>0x4456</run_address>
         <size>0xc</size>
      </object_component>
      <object_component id="oc-376">
         <name>.cinit..bss.load</name>
         <load_address>0x4462</load_address>
         <run_address>0x4462</run_address>
         <size>0x6</size>
      </object_component>
      <object_component id="oc-375">
         <name>__TI_cinit_table</name>
         <load_address>0x4468</load_address>
         <run_address>0x4468</run_address>
         <size>0x10</size>
      </object_component>
      <object_component id="oc-f2">
         <name>.const:.string</name>
         <load_address>0x4420</load_address>
         <run_address>0x4420</run_address>
         <size>0x18</size>
         <input_file_ref idref="fl-2"/>
      </object_component>
      <object_component id="oc-2b7">
         <name>.const:.string</name>
         <load_address>0x4438</load_address>
         <run_address>0x4438</run_address>
         <size>0x10</size>
         <input_file_ref idref="fl-4"/>
      </object_component>
      <object_component id="oc-84">
         <name>.text:_isr:_c_int00_noexit</name>
         <load_address>0x4400</load_address>
         <run_address>0x4400</run_address>
         <size>0x1a</size>
         <input_file_ref idref="fl-5c"/>
      </object_component>
      <object_component id="oc-a5">
         <name>.text:_isr:__TI_ISR_TRAP</name>
         <load_address>0x441a</load_address>
         <run_address>0x441a</run_address>
         <size>0x6</size>
         <input_file_ref idref="fl-3b"/>
      </object_component>
      <object_component id="oc-15c">
         <name>.text:find_volume</name>
         <load_address>0x10000</load_address>
         <run_address>0x10000</run_address>
         <size>0x4f4</size>
         <input_file_ref idref="fl-4"/>
      </object_component>
      <object_component id="oc-118">
         <name>.text:f_printf</name>
         <load_address>0x104f4</load_address>
         <run_address>0x104f4</run_address>
         <size>0x304</size>
         <input_file_ref idref="fl-4"/>
      </object_component>
      <object_component id="oc-10d">
         <name>.text:f_lseek</name>
         <load_address>0x107f8</load_address>
         <run_address>0x107f8</run_address>
         <size>0x29c</size>
         <input_file_ref idref="fl-4"/>
      </object_component>
      <object_component id="oc-1df">
         <name>.text:f_write</name>
         <load_address>0x10a94</load_address>
         <run_address>0x10a94</run_address>
         <size>0x292</size>
         <input_file_ref idref="fl-4"/>
      </object_component>
      <object_component id="oc-104">
         <name>.text:f_open</name>
         <load_address>0x10d26</load_address>
         <run_address>0x10d26</run_address>
         <size>0x1f4</size>
         <input_file_ref idref="fl-4"/>
      </object_component>
      <object_component id="oc-2f1">
         <name>.text:disk_ioctl</name>
         <load_address>0x10f1a</load_address>
         <run_address>0x10f1a</run_address>
         <size>0x1b4</size>
         <input_file_ref idref="fl-3"/>
      </object_component>
      <object_component id="oc-21a">
         <name>.text:create_name</name>
         <load_address>0x110ce</load_address>
         <run_address>0x110ce</run_address>
         <size>0x196</size>
         <input_file_ref idref="fl-4"/>
      </object_component>
      <object_component id="oc-243">
         <name>.text:put_fat</name>
         <load_address>0x11264</load_address>
         <run_address>0x11264</run_address>
         <size>0x190</size>
         <input_file_ref idref="fl-4"/>
      </object_component>
      <object_component id="oc-208">
         <name>.text:disk_initialize</name>
         <load_address>0x113f4</load_address>
         <run_address>0x113f4</run_address>
         <size>0x188</size>
         <input_file_ref idref="fl-3"/>
      </object_component>
      <object_component id="oc-2c5">
         <name>.text:dir_next</name>
         <load_address>0x1157c</load_address>
         <run_address>0x1157c</run_address>
         <size>0x176</size>
         <input_file_ref idref="fl-4"/>
      </object_component>
      <object_component id="oc-1b6">
         <name>.text:get_fat</name>
         <load_address>0x116f2</load_address>
         <run_address>0x116f2</run_address>
         <size>0x148</size>
         <input_file_ref idref="fl-4"/>
      </object_component>
      <object_component id="oc-b6">
         <name>.text:main</name>
         <load_address>0x1183a</load_address>
         <run_address>0x1183a</run_address>
         <size>0x142</size>
         <input_file_ref idref="fl-2"/>
      </object_component>
      <object_component id="oc-1b0">
         <name>.text:create_chain</name>
         <load_address>0x1197c</load_address>
         <run_address>0x1197c</run_address>
         <size>0x128</size>
         <input_file_ref idref="fl-4"/>
      </object_component>
      <object_component id="oc-226">
         <name>.text:dir_sdi</name>
         <load_address>0x11aa4</load_address>
         <run_address>0x11aa4</run_address>
         <size>0xfe</size>
         <input_file_ref idref="fl-4"/>
      </object_component>
      <object_component id="oc-28f">
         <name>.text:sync_fs</name>
         <load_address>0x11ba2</load_address>
         <run_address>0x11ba2</run_address>
         <size>0xf6</size>
         <input_file_ref idref="fl-4"/>
      </object_component>
      <object_component id="oc-1c7">
         <name>.text:disk_write</name>
         <load_address>0x11c98</load_address>
         <run_address>0x11c98</run_address>
         <size>0xd2</size>
         <input_file_ref idref="fl-3"/>
      </object_component>
      <object_component id="oc-1f0">
         <name>.text:f_sync</name>
         <load_address>0x11d6a</load_address>
         <run_address>0x11d6a</run_address>
         <size>0xce</size>
         <input_file_ref idref="fl-4"/>
      </object_component>
      <object_component id="oc-16a">
         <name>.text</name>
         <load_address>0x11e38</load_address>
         <run_address>0x11e38</run_address>
         <size>0xb6</size>
         <input_file_ref idref="fl-57"/>
      </object_component>
      <object_component id="oc-193">
         <name>.text:remove_chain</name>
         <load_address>0x11eee</load_address>
         <run_address>0x11eee</run_address>
         <size>0x9c</size>
         <input_file_ref idref="fl-4"/>
      </object_component>
      <object_component id="oc-175">
         <name>.text:follow_path</name>
         <load_address>0x11f8a</load_address>
         <run_address>0x11f8a</run_address>
         <size>0x9a</size>
         <input_file_ref idref="fl-4"/>
      </object_component>
      <object_component id="oc-1cd">
         <name>.text:disk_read</name>
         <load_address>0x12024</load_address>
         <run_address>0x12024</run_address>
         <size>0x96</size>
         <input_file_ref idref="fl-3"/>
      </object_component>
      <object_component id="oc-20e">
         <name>.text:check_fs</name>
         <load_address>0x120ba</load_address>
         <run_address>0x120ba</run_address>
         <size>0x86</size>
         <input_file_ref idref="fl-4"/>
      </object_component>
      <object_component id="oc-24a">
         <name>.text:sync_window</name>
         <load_address>0x12140</load_address>
         <run_address>0x12140</run_address>
         <size>0x86</size>
         <input_file_ref idref="fl-4"/>
      </object_component>
      <object_component id="oc-f3">
         <name>.text:f_mount</name>
         <load_address>0x121c6</load_address>
         <run_address>0x121c6</run_address>
         <size>0x7e</size>
         <input_file_ref idref="fl-4"/>
      </object_component>
      <object_component id="oc-165">
         <name>.text</name>
         <load_address>0x12244</load_address>
         <run_address>0x12244</run_address>
         <size>0x7e</size>
         <input_file_ref idref="fl-56"/>
      </object_component>
      <object_component id="oc-265">
         <name>.text:send_cmd</name>
         <load_address>0x122c2</load_address>
         <run_address>0x122c2</run_address>
         <size>0x76</size>
         <input_file_ref idref="fl-3"/>
      </object_component>
      <object_component id="oc-b0">
         <name>.text:_auto_init_hold_wdt</name>
         <load_address>0x12338</load_address>
         <run_address>0x12338</run_address>
         <size>0x6e</size>
         <input_file_ref idref="fl-5f"/>
      </object_component>
      <object_component id="oc-d7">
         <name>.text:__TI_decompress_rle_core</name>
         <load_address>0x123a6</load_address>
         <run_address>0x123a6</run_address>
         <size>0x62</size>
         <input_file_ref idref="fl-39"/>
      </object_component>
      <object_component id="oc-22d">
         <name>.text:dir_alloc</name>
         <load_address>0x12408</load_address>
         <run_address>0x12408</run_address>
         <size>0x5c</size>
         <input_file_ref idref="fl-4"/>
      </object_component>
      <object_component id="oc-220">
         <name>.text:dir_find</name>
         <load_address>0x12464</load_address>
         <run_address>0x12464</run_address>
         <size>0x5a</size>
         <input_file_ref idref="fl-4"/>
      </object_component>
      <object_component id="oc-fd">
         <name>.text:FloatToPrint</name>
         <load_address>0x124be</load_address>
         <run_address>0x124be</run_address>
         <size>0x58</size>
         <input_file_ref idref="fl-2"/>
      </object_component>
      <object_component id="oc-1ab">
         <name>.text</name>
         <load_address>0x12516</load_address>
         <run_address>0x12516</run_address>
         <size>0x58</size>
         <input_file_ref idref="fl-55"/>
      </object_component>
      <object_component id="oc-297">
         <name>.text:power_on</name>
         <load_address>0x1256e</load_address>
         <run_address>0x1256e</run_address>
         <size>0x56</size>
         <input_file_ref idref="fl-3"/>
      </object_component>
      <object_component id="oc-152">
         <name>.text:get_ldnumber</name>
         <load_address>0x125c4</load_address>
         <run_address>0x125c4</run_address>
         <size>0x54</size>
         <input_file_ref idref="fl-4"/>
      </object_component>
      <object_component id="oc-199">
         <name>.text:move_window</name>
         <load_address>0x12618</load_address>
         <run_address>0x12618</run_address>
         <size>0x52</size>
         <input_file_ref idref="fl-4"/>
      </object_component>
      <object_component id="oc-26b">
         <name>.text:xmit_datablock</name>
         <load_address>0x1266a</load_address>
         <run_address>0x1266a</run_address>
         <size>0x50</size>
         <input_file_ref idref="fl-3"/>
      </object_component>
      <object_component id="oc-17b">
         <name>.text:dir_register</name>
         <load_address>0x126ba</load_address>
         <run_address>0x126ba</run_address>
         <size>0x4e</size>
         <input_file_ref idref="fl-4"/>
      </object_component>
      <object_component id="oc-1d4">
         <name>.text:putc_bfd</name>
         <load_address>0x12708</load_address>
         <run_address>0x12708</run_address>
         <size>0x4e</size>
         <input_file_ref idref="fl-4"/>
      </object_component>
      <object_component id="oc-27f">
         <name>.text:rcvr_datablock</name>
         <load_address>0x12756</load_address>
         <run_address>0x12756</run_address>
         <size>0x44</size>
         <input_file_ref idref="fl-3"/>
      </object_component>
      <object_component id="oc-1bc">
         <name>.text:clust2sect</name>
         <load_address>0x1279a</load_address>
         <run_address>0x1279a</run_address>
         <size>0x3e</size>
         <input_file_ref idref="fl-4"/>
      </object_component>
      <object_component id="oc-19f">
         <name>.text:l_lsl_const</name>
         <load_address>0x127d8</load_address>
         <run_address>0x127d8</run_address>
         <size>0x3e</size>
         <input_file_ref idref="fl-5a"/>
      </object_component>
      <object_component id="oc-1c2">
         <name>.text:l_lsr_const</name>
         <load_address>0x12816</load_address>
         <run_address>0x12816</run_address>
         <size>0x3e</size>
         <input_file_ref idref="fl-5b"/>
      </object_component>
      <object_component id="oc-285">
         <name>.text:send_cmd12</name>
         <load_address>0x12854</load_address>
         <run_address>0x12854</run_address>
         <size>0x3c</size>
         <input_file_ref idref="fl-3"/>
      </object_component>
      <object_component id="oc-1a5">
         <name>.text:validate</name>
         <load_address>0x12890</load_address>
         <run_address>0x12890</run_address>
         <size>0x3c</size>
         <input_file_ref idref="fl-4"/>
      </object_component>
      <object_component id="oc-187">
         <name>.text:ld_clust</name>
         <load_address>0x128cc</load_address>
         <run_address>0x128cc</run_address>
         <size>0x30</size>
         <input_file_ref idref="fl-4"/>
      </object_component>
      <object_component id="oc-2dd">
         <name>.text:xmit_spi</name>
         <load_address>0x128fc</load_address>
         <run_address>0x128fc</run_address>
         <size>0x26</size>
         <input_file_ref idref="fl-3"/>
      </object_component>
      <object_component id="oc-95">
         <name>.text:decompress:ZI:__TI_zero_init</name>
         <load_address>0x12922</load_address>
         <run_address>0x12922</run_address>
         <size>0x24</size>
         <input_file_ref idref="fl-54"/>
      </object_component>
      <object_component id="oc-277">
         <name>.text:rcvr_spi</name>
         <load_address>0x12946</load_address>
         <run_address>0x12946</run_address>
         <size>0x24</size>
         <input_file_ref idref="fl-3"/>
      </object_component>
      <object_component id="oc-16f">
         <name>.text</name>
         <load_address>0x1296a</load_address>
         <run_address>0x1296a</run_address>
         <size>0x22</size>
         <input_file_ref idref="fl-59"/>
      </object_component>
      <object_component id="oc-11f">
         <name>.text:f_close</name>
         <load_address>0x1298c</load_address>
         <run_address>0x1298c</run_address>
         <size>0x20</size>
         <input_file_ref idref="fl-4"/>
      </object_component>
      <object_component id="oc-29d">
         <name>.text:send_initial_clock_train</name>
         <load_address>0x129ac</load_address>
         <run_address>0x129ac</run_address>
         <size>0x1c</size>
         <input_file_ref idref="fl-3"/>
      </object_component>
      <object_component id="oc-2d7">
         <name>.text:wait_ready</name>
         <load_address>0x129c8</load_address>
         <run_address>0x129c8</run_address>
         <size>0x1a</size>
         <input_file_ref idref="fl-3"/>
      </object_component>
      <object_component id="oc-2b8">
         <name>.text:chk_chr</name>
         <load_address>0x129e2</load_address>
         <run_address>0x129e2</run_address>
         <size>0x16</size>
         <input_file_ref idref="fl-4"/>
      </object_component>
      <object_component id="oc-1da">
         <name>.text</name>
         <load_address>0x129f8</load_address>
         <run_address>0x129f8</run_address>
         <size>0x16</size>
         <input_file_ref idref="fl-58"/>
      </object_component>
      <object_component id="oc-18d">
         <name>.text:st_clust</name>
         <load_address>0x12a0e</load_address>
         <run_address>0x12a0e</run_address>
         <size>0x16</size>
         <input_file_ref idref="fl-4"/>
      </object_component>
      <object_component id="oc-2bf">
         <name>.text:mem_cmp</name>
         <load_address>0x12a24</load_address>
         <run_address>0x12a24</run_address>
         <size>0x14</size>
         <input_file_ref idref="fl-4"/>
      </object_component>
      <object_component id="oc-c3">
         <name>.text:memcpy</name>
         <load_address>0x12a38</load_address>
         <run_address>0x12a38</run_address>
         <size>0x14</size>
         <input_file_ref idref="fl-63"/>
      </object_component>
      <object_component id="oc-8f">
         <name>.text:decompress:none:__TI_decompress_none</name>
         <load_address>0x12a4c</load_address>
         <run_address>0x12a4c</run_address>
         <size>0x12</size>
         <input_file_ref idref="fl-38"/>
      </object_component>
      <object_component id="oc-239">
         <name>.text:mem_cpy</name>
         <load_address>0x12a5e</load_address>
         <run_address>0x12a5e</run_address>
         <size>0x12</size>
         <input_file_ref idref="fl-4"/>
      </object_component>
      <object_component id="oc-233">
         <name>.text:mem_set</name>
         <load_address>0x12a70</load_address>
         <run_address>0x12a70</run_address>
         <size>0x12</size>
         <input_file_ref idref="fl-4"/>
      </object_component>
      <object_component id="oc-2af">
         <name>.text:set_max_speed</name>
         <load_address>0x12a82</load_address>
         <run_address>0x12a82</run_address>
         <size>0x12</size>
         <input_file_ref idref="fl-3"/>
      </object_component>
      <object_component id="oc-304">
         <name>.text:l_lsl</name>
         <load_address>0x12a94</load_address>
         <run_address>0x12a94</run_address>
         <size>0x10</size>
         <input_file_ref idref="fl-5a"/>
      </object_component>
      <object_component id="oc-202">
         <name>.text:disk_status</name>
         <load_address>0x12aa4</load_address>
         <run_address>0x12aa4</run_address>
         <size>0xe</size>
         <input_file_ref idref="fl-3"/>
      </object_component>
      <object_component id="oc-2e9">
         <name>.text:rcvr_spi_m</name>
         <load_address>0x12ab2</load_address>
         <run_address>0x12ab2</run_address>
         <size>0xc</size>
         <input_file_ref idref="fl-3"/>
      </object_component>
      <object_component id="oc-181">
         <name>.text:get_fattime</name>
         <load_address>0x12abe</load_address>
         <run_address>0x12abe</run_address>
         <size>0xa</size>
         <input_file_ref idref="fl-3"/>
      </object_component>
      <object_component id="oc-271">
         <name>.text:DESELECT</name>
         <load_address>0x12ac8</load_address>
         <run_address>0x12ac8</run_address>
         <size>0x8</size>
         <input_file_ref idref="fl-3"/>
      </object_component>
      <object_component id="oc-25e">
         <name>.text:SELECT</name>
         <load_address>0x12ad0</load_address>
         <run_address>0x12ad0</run_address>
         <size>0x8</size>
         <input_file_ref idref="fl-3"/>
      </object_component>
      <object_component id="oc-309">
         <name>.text:chk_power</name>
         <load_address>0x12ad8</load_address>
         <run_address>0x12ad8</run_address>
         <size>0x6</size>
         <input_file_ref idref="fl-3"/>
      </object_component>
      <object_component id="oc-9b">
         <name>.text:decompress:rle24:__TI_decompress_rle24</name>
         <load_address>0x12ade</load_address>
         <run_address>0x12ade</run_address>
         <size>0x6</size>
         <input_file_ref idref="fl-39"/>
      </object_component>
      <object_component id="oc-2a9">
         <name>.text:power_off</name>
         <load_address>0x12ae4</load_address>
         <run_address>0x12ae4</run_address>
         <size>0x6</size>
         <input_file_ref idref="fl-3"/>
      </object_component>
      <object_component id="oc-aa">
         <name>.text:_system_pre_init</name>
         <load_address>0x12aea</load_address>
         <run_address>0x12aea</run_address>
         <size>0x4</size>
         <input_file_ref idref="fl-60"/>
      </object_component>
      <object_component id="oc-bc">
         <name>.text:abort</name>
         <load_address>0x12aee</load_address>
         <run_address>0x12aee</run_address>
         <size>0x4</size>
         <input_file_ref idref="fl-61"/>
      </object_component>
      <object_component id="oc-ef">
         <name>.common:sdVolume</name>
         <uninitialized>true</uninitialized>
         <run_address>0x1c00</run_address>
         <size>0x22e</size>
      </object_component>
      <object_component id="oc-11e">
         <name>.common:logfile</name>
         <uninitialized>true</uninitialized>
         <run_address>0x1e2e</run_address>
         <size>0x224</size>
      </object_component>
      <object_component id="oc-116">
         <name>.common:printValue</name>
         <uninitialized>true</uninitialized>
         <run_address>0x2052</run_address>
         <size>0x8</size>
      </object_component>
      <object_component id="oc-2e8">
         <name>.common:Timer1</name>
         <uninitialized>true</uninitialized>
         <run_address>0x2061</run_address>
         <size>0x1</size>
      </object_component>
      <object_component id="oc-300">
         <name>.common:Timer2</name>
         <uninitialized>true</uninitialized>
         <run_address>0x2062</run_address>
         <size>0x1</size>
      </object_component>
      <object_component id="oc-2a8">
         <name>.common:CardType</name>
         <uninitialized>true</uninitialized>
         <run_address>0x2060</run_address>
         <size>0x1</size>
      </object_component>
      <object_component id="oc-201">
         <name>.common:FatFs</name>
         <uninitialized>true</uninitialized>
         <run_address>0x205a</run_address>
         <size>0x4</size>
      </object_component>
      <object_component id="oc-215">
         <name>.common:Fsid</name>
         <uninitialized>true</uninitialized>
         <run_address>0x205e</run_address>
         <size>0x2</size>
      </object_component>
      <object_component id="oc-f9">
         <name>.data</name>
         <load_address>0x2064</load_address>
         <run_address>0x2064</run_address>
         <size>0x6</size>
         <input_file_ref idref="fl-2"/>
      </object_component>
      <object_component id="oc-258">
         <name>.data</name>
         <load_address>0x206a</load_address>
         <run_address>0x206a</run_address>
         <size>0x2</size>
         <input_file_ref idref="fl-3"/>
      </object_component>
      <object_component id="oc-a1">
         <name>.stack</name>
         <uninitialized>true</uninitialized>
         <run_address>0x2360</run_address>
         <size>0x4</size>
         <input_file_ref idref="fl-5c"/>
      </object_component>
      <object_component id="oc-378">
         <name>.stack</name>
         <uninitialized>true</uninitialized>
         <run_address>0x2360</run_address>
         <size>0x0</size>
      </object_component>
      <object_component id="oc-70">
         <name>.int30</name>
         <load_address>0xffcc</load_address>
         <run_address>0xffcc</run_address>
         <size>0x2</size>
         <input_file_ref idref="fl-3a"/>
      </object_component>
      <object_component id="oc-71">
         <name>.int31</name>
         <load_address>0xffce</load_address>
         <run_address>0xffce</run_address>
         <size>0x2</size>
         <input_file_ref idref="fl-3c"/>
      </object_component>
      <object_component id="oc-72">
         <name>.int32</name>
         <load_address>0xffd0</load_address>
         <run_address>0xffd0</run_address>
         <size>0x2</size>
         <input_file_ref idref="fl-3d"/>
      </object_component>
      <object_component id="oc-73">
         <name>.int33</name>
         <load_address>0xffd2</load_address>
         <run_address>0xffd2</run_address>
         <size>0x2</size>
         <input_file_ref idref="fl-3e"/>
      </object_component>
      <object_component id="oc-74">
         <name>.int34</name>
         <load_address>0xffd4</load_address>
         <run_address>0xffd4</run_address>
         <size>0x2</size>
         <input_file_ref idref="fl-3f"/>
      </object_component>
      <object_component id="oc-75">
         <name>.int35</name>
         <load_address>0xffd6</load_address>
         <run_address>0xffd6</run_address>
         <size>0x2</size>
         <input_file_ref idref="fl-40"/>
      </object_component>
      <object_component id="oc-76">
         <name>.int36</name>
         <load_address>0xffd8</load_address>
         <run_address>0xffd8</run_address>
         <size>0x2</size>
         <input_file_ref idref="fl-41"/>
      </object_component>
      <object_component id="oc-77">
         <name>.int37</name>
         <load_address>0xffda</load_address>
         <run_address>0xffda</run_address>
         <size>0x2</size>
         <input_file_ref idref="fl-42"/>
      </object_component>
      <object_component id="oc-78">
         <name>.int38</name>
         <load_address>0xffdc</load_address>
         <run_address>0xffdc</run_address>
         <size>0x2</size>
         <input_file_ref idref="fl-43"/>
      </object_component>
      <object_component id="oc-79">
         <name>.int39</name>
         <load_address>0xffde</load_address>
         <run_address>0xffde</run_address>
         <size>0x2</size>
         <input_file_ref idref="fl-44"/>
      </object_component>
      <object_component id="oc-7a">
         <name>.int40</name>
         <load_address>0xffe0</load_address>
         <run_address>0xffe0</run_address>
         <size>0x2</size>
         <input_file_ref idref="fl-45"/>
      </object_component>
      <object_component id="oc-7b">
         <name>.int41</name>
         <load_address>0xffe2</load_address>
         <run_address>0xffe2</run_address>
         <size>0x2</size>
         <input_file_ref idref="fl-46"/>
      </object_component>
      <object_component id="oc-7c">
         <name>.int42</name>
         <load_address>0xffe4</load_address>
         <run_address>0xffe4</run_address>
         <size>0x2</size>
         <input_file_ref idref="fl-47"/>
      </object_component>
      <object_component id="oc-7d">
         <name>.int43</name>
         <load_address>0xffe6</load_address>
         <run_address>0xffe6</run_address>
         <size>0x2</size>
         <input_file_ref idref="fl-48"/>
      </object_component>
      <object_component id="oc-7e">
         <name>.int44</name>
         <load_address>0xffe8</load_address>
         <run_address>0xffe8</run_address>
         <size>0x2</size>
         <input_file_ref idref="fl-49"/>
      </object_component>
      <object_component id="oc-7f">
         <name>.int45</name>
         <load_address>0xffea</load_address>
         <run_address>0xffea</run_address>
         <size>0x2</size>
         <input_file_ref idref="fl-4a"/>
      </object_component>
      <object_component id="oc-80">
         <name>.int46</name>
         <load_address>0xffec</load_address>
         <run_address>0xffec</run_address>
         <size>0x2</size>
         <input_file_ref idref="fl-4b"/>
      </object_component>
      <object_component id="oc-81">
         <name>.int47</name>
         <load_address>0xffee</load_address>
         <run_address>0xffee</run_address>
         <size>0x2</size>
         <input_file_ref idref="fl-4c"/>
      </object_component>
      <object_component id="oc-82">
         <name>.int48</name>
         <load_address>0xfff0</load_address>
         <run_address>0xfff0</run_address>
         <size>0x2</size>
         <input_file_ref idref="fl-4d"/>
      </object_component>
      <object_component id="oc-83">
         <name>.int49</name>
         <load_address>0xfff2</load_address>
         <run_address>0xfff2</run_address>
         <size>0x2</size>
         <input_file_ref idref="fl-4e"/>
      </object_component>
      <object_component id="oc-8a">
         <name>.int50</name>
         <load_address>0xfff4</load_address>
         <run_address>0xfff4</run_address>
         <size>0x2</size>
         <input_file_ref idref="fl-4f"/>
      </object_component>
      <object_component id="oc-8b">
         <name>.int51</name>
         <load_address>0xfff6</load_address>
         <run_address>0xfff6</run_address>
         <size>0x2</size>
         <input_file_ref idref="fl-50"/>
      </object_component>
      <object_component id="oc-8c">
         <name>.int52</name>
         <load_address>0xfff8</load_address>
         <run_address>0xfff8</run_address>
         <size>0x2</size>
         <input_file_ref idref="fl-51"/>
      </object_component>
      <object_component id="oc-8d">
         <name>.int53</name>
         <load_address>0xfffa</load_address>
         <run_address>0xfffa</run_address>
         <size>0x2</size>
         <input_file_ref idref="fl-52"/>
      </object_component>
      <object_component id="oc-8e">
         <name>.int54</name>
         <load_address>0xfffc</load_address>
         <run_address>0xfffc</run_address>
         <size>0x2</size>
         <input_file_ref idref="fl-53"/>
      </object_component>
      <object_component id="oc-a4">
         <name>.reset</name>
         <load_address>0xfffe</load_address>
         <run_address>0xfffe</run_address>
         <size>0x2</size>
         <input_file_ref idref="fl-5c"/>
      </object_component>
      <object_component id="oc-85">
         <name>.debug_info</name>
         <load_address>0x0</load_address>
         <run_address>0x0</run_address>
         <size>0x125</size>
         <input_file_ref idref="fl-5c"/>
      </object_component>
      <object_component id="oc-90">
         <name>.debug_info</name>
         <load_address>0x125</load_address>
         <run_address>0x125</run_address>
         <size>0x194</size>
         <input_file_ref idref="fl-38"/>
      </object_component>
      <object_component id="oc-96">
         <name>.debug_info</name>
         <load_address>0x2b9</load_address>
         <run_address>0x2b9</run_address>
         <size>0x16f</size>
         <input_file_ref idref="fl-54"/>
      </object_component>
      <object_component id="oc-9c">
         <name>.debug_info</name>
         <load_address>0x428</load_address>
         <run_address>0x428</run_address>
         <size>0x18e</size>
         <input_file_ref idref="fl-39"/>
      </object_component>
      <object_component id="oc-a2">
         <name>.debug_info</name>
         <load_address>0x5b6</load_address>
         <run_address>0x5b6</run_address>
         <size>0xaa</size>
         <input_file_ref idref="fl-5c"/>
      </object_component>
      <object_component id="oc-a6">
         <name>.debug_info</name>
         <load_address>0x660</load_address>
         <run_address>0x660</run_address>
         <size>0xc2</size>
         <input_file_ref idref="fl-3b"/>
      </object_component>
      <object_component id="oc-ab">
         <name>.debug_info</name>
         <load_address>0x722</load_address>
         <run_address>0x722</run_address>
         <size>0xfd</size>
         <input_file_ref idref="fl-60"/>
      </object_component>
      <object_component id="oc-b1">
         <name>.debug_info</name>
         <load_address>0x81f</load_address>
         <run_address>0x81f</run_address>
         <size>0x1a0</size>
         <input_file_ref idref="fl-5f"/>
      </object_component>
      <object_component id="oc-b7">
         <name>.debug_info</name>
         <load_address>0x9bf</load_address>
         <run_address>0x9bf</run_address>
         <size>0x14d</size>
         <input_file_ref idref="fl-2"/>
      </object_component>
      <object_component id="oc-bd">
         <name>.debug_info</name>
         <load_address>0xb0c</load_address>
         <run_address>0xb0c</run_address>
         <size>0xcc</size>
         <input_file_ref idref="fl-61"/>
      </object_component>
      <object_component id="oc-c4">
         <name>.debug_info</name>
         <load_address>0xbd8</load_address>
         <run_address>0xbd8</run_address>
         <size>0x157</size>
         <input_file_ref idref="fl-63"/>
      </object_component>
      <object_component id="oc-ca">
         <name>.debug_info</name>
         <load_address>0xd2f</load_address>
         <run_address>0xd2f</run_address>
         <size>0x46</size>
         <input_file_ref idref="fl-38"/>
      </object_component>
      <object_component id="oc-cf">
         <name>.debug_info</name>
         <load_address>0xd75</load_address>
         <run_address>0xd75</run_address>
         <size>0x17b</size>
         <input_file_ref idref="fl-38"/>
      </object_component>
      <object_component id="oc-d1">
         <name>.debug_info</name>
         <load_address>0xef0</load_address>
         <run_address>0xef0</run_address>
         <size>0x46</size>
         <input_file_ref idref="fl-54"/>
      </object_component>
      <object_component id="oc-d6">
         <name>.debug_info</name>
         <load_address>0xf36</load_address>
         <run_address>0xf36</run_address>
         <size>0x129</size>
         <input_file_ref idref="fl-54"/>
      </object_component>
      <object_component id="oc-d8">
         <name>.debug_info</name>
         <load_address>0x105f</load_address>
         <run_address>0x105f</run_address>
         <size>0x1ef</size>
         <input_file_ref idref="fl-39"/>
      </object_component>
      <object_component id="oc-de">
         <name>.debug_info</name>
         <load_address>0x124e</load_address>
         <run_address>0x124e</run_address>
         <size>0x138</size>
         <input_file_ref idref="fl-39"/>
      </object_component>
      <object_component id="oc-df">
         <name>.debug_info</name>
         <load_address>0x1386</load_address>
         <run_address>0x1386</run_address>
         <size>0x39</size>
         <input_file_ref idref="fl-39"/>
      </object_component>
      <object_component id="oc-e6">
         <name>.debug_info</name>
         <load_address>0x13bf</load_address>
         <run_address>0x13bf</run_address>
         <size>0x84</size>
         <input_file_ref idref="fl-2"/>
      </object_component>
      <object_component id="oc-ee">
         <name>.debug_info</name>
         <load_address>0x1443</load_address>
         <run_address>0x1443</run_address>
         <size>0x2d8</size>
         <input_file_ref idref="fl-5f"/>
      </object_component>
      <object_component id="oc-f0">
         <name>.debug_info</name>
         <load_address>0x171b</load_address>
         <run_address>0x171b</run_address>
         <size>0x44c</size>
         <input_file_ref idref="fl-2"/>
      </object_component>
      <object_component id="oc-f4">
         <name>.debug_info</name>
         <load_address>0x1b67</load_address>
         <run_address>0x1b67</run_address>
         <size>0x1a6</size>
         <input_file_ref idref="fl-4"/>
      </object_component>
      <object_component id="oc-fa">
         <name>.debug_info</name>
         <load_address>0x1d0d</load_address>
         <run_address>0x1d0d</run_address>
         <size>0xe0</size>
         <input_file_ref idref="fl-2"/>
      </object_component>
      <object_component id="oc-fe">
         <name>.debug_info</name>
         <load_address>0x1ded</load_address>
         <run_address>0x1ded</run_address>
         <size>0x221</size>
         <input_file_ref idref="fl-2"/>
      </object_component>
      <object_component id="oc-105">
         <name>.debug_info</name>
         <load_address>0x200e</load_address>
         <run_address>0x200e</run_address>
         <size>0x263</size>
         <input_file_ref idref="fl-4"/>
      </object_component>
      <object_component id="oc-10e">
         <name>.debug_info</name>
         <load_address>0x2271</load_address>
         <run_address>0x2271</run_address>
         <size>0x26c</size>
         <input_file_ref idref="fl-4"/>
      </object_component>
      <object_component id="oc-119">
         <name>.debug_info</name>
         <load_address>0x24dd</load_address>
         <run_address>0x24dd</run_address>
         <size>0x29d</size>
         <input_file_ref idref="fl-4"/>
      </object_component>
      <object_component id="oc-120">
         <name>.debug_info</name>
         <load_address>0x277a</load_address>
         <run_address>0x277a</run_address>
         <size>0x13e</size>
         <input_file_ref idref="fl-4"/>
      </object_component>
      <object_component id="oc-126">
         <name>.debug_info</name>
         <load_address>0x28b8</load_address>
         <run_address>0x28b8</run_address>
         <size>0xb0</size>
         <input_file_ref idref="fl-2"/>
      </object_component>
      <object_component id="oc-12d">
         <name>.debug_info</name>
         <load_address>0x2968</load_address>
         <run_address>0x2968</run_address>
         <size>0x13b</size>
         <input_file_ref idref="fl-63"/>
      </object_component>
      <object_component id="oc-12e">
         <name>.debug_info</name>
         <load_address>0x2aa3</load_address>
         <run_address>0x2aa3</run_address>
         <size>0x2c</size>
         <input_file_ref idref="fl-63"/>
      </object_component>
      <object_component id="oc-135">
         <name>.debug_info</name>
         <load_address>0x2acf</load_address>
         <run_address>0x2acf</run_address>
         <size>0x2c</size>
         <input_file_ref idref="fl-38"/>
      </object_component>
      <object_component id="oc-141">
         <name>.debug_info</name>
         <load_address>0x2afb</load_address>
         <run_address>0x2afb</run_address>
         <size>0x39</size>
         <input_file_ref idref="fl-5f"/>
      </object_component>
      <object_component id="oc-148">
         <name>.debug_info</name>
         <load_address>0x2b34</load_address>
         <run_address>0x2b34</run_address>
         <size>0x4b1</size>
         <input_file_ref idref="fl-2"/>
      </object_component>
      <object_component id="oc-14d">
         <name>.debug_info</name>
         <load_address>0x2fe5</load_address>
         <run_address>0x2fe5</run_address>
         <size>0x18b</size>
         <input_file_ref idref="fl-2"/>
      </object_component>
      <object_component id="oc-153">
         <name>.debug_info</name>
         <load_address>0x3170</load_address>
         <run_address>0x3170</run_address>
         <size>0x158</size>
         <input_file_ref idref="fl-4"/>
      </object_component>
      <object_component id="oc-159">
         <name>.debug_info</name>
         <load_address>0x32c8</load_address>
         <run_address>0x32c8</run_address>
         <size>0x361</size>
         <input_file_ref idref="fl-4"/>
      </object_component>
      <object_component id="oc-15d">
         <name>.debug_info</name>
         <load_address>0x3629</load_address>
         <run_address>0x3629</run_address>
         <size>0x3c0</size>
         <input_file_ref idref="fl-4"/>
      </object_component>
      <object_component id="oc-166">
         <name>.debug_info</name>
         <load_address>0x39e9</load_address>
         <run_address>0x39e9</run_address>
         <size>0xea</size>
         <input_file_ref idref="fl-56"/>
      </object_component>
      <object_component id="oc-16b">
         <name>.debug_info</name>
         <load_address>0x3ad3</load_address>
         <run_address>0x3ad3</run_address>
         <size>0xd4</size>
         <input_file_ref idref="fl-57"/>
      </object_component>
      <object_component id="oc-170">
         <name>.debug_info</name>
         <load_address>0x3ba7</load_address>
         <run_address>0x3ba7</run_address>
         <size>0xe3</size>
         <input_file_ref idref="fl-59"/>
      </object_component>
      <object_component id="oc-176">
         <name>.debug_info</name>
         <load_address>0x3c8a</load_address>
         <run_address>0x3c8a</run_address>
         <size>0x1a6</size>
         <input_file_ref idref="fl-4"/>
      </object_component>
      <object_component id="oc-17c">
         <name>.debug_info</name>
         <load_address>0x3e30</load_address>
         <run_address>0x3e30</run_address>
         <size>0x169</size>
         <input_file_ref idref="fl-4"/>
      </object_component>
      <object_component id="oc-182">
         <name>.debug_info</name>
         <load_address>0x3f99</load_address>
         <run_address>0x3f99</run_address>
         <size>0x10d</size>
         <input_file_ref idref="fl-3"/>
      </object_component>
      <object_component id="oc-188">
         <name>.debug_info</name>
         <load_address>0x40a6</load_address>
         <run_address>0x40a6</run_address>
         <size>0x144</size>
         <input_file_ref idref="fl-4"/>
      </object_component>
      <object_component id="oc-18e">
         <name>.debug_info</name>
         <load_address>0x41ea</load_address>
         <run_address>0x41ea</run_address>
         <size>0x138</size>
         <input_file_ref idref="fl-4"/>
      </object_component>
      <object_component id="oc-194">
         <name>.debug_info</name>
         <load_address>0x4322</load_address>
         <run_address>0x4322</run_address>
         <size>0x187</size>
         <input_file_ref idref="fl-4"/>
      </object_component>
      <object_component id="oc-19a">
         <name>.debug_info</name>
         <load_address>0x44a9</load_address>
         <run_address>0x44a9</run_address>
         <size>0x17f</size>
         <input_file_ref idref="fl-4"/>
      </object_component>
      <object_component id="oc-1a0">
         <name>.debug_info</name>
         <load_address>0x4628</load_address>
         <run_address>0x4628</run_address>
         <size>0xd9</size>
         <input_file_ref idref="fl-5a"/>
      </object_component>
      <object_component id="oc-1a6">
         <name>.debug_info</name>
         <load_address>0x4701</load_address>
         <run_address>0x4701</run_address>
         <size>0x12a</size>
         <input_file_ref idref="fl-4"/>
      </object_component>
      <object_component id="oc-1ad">
         <name>.debug_info</name>
         <load_address>0x482b</load_address>
         <run_address>0x482b</run_address>
         <size>0xd6</size>
         <input_file_ref idref="fl-55"/>
      </object_component>
      <object_component id="oc-1b1">
         <name>.debug_info</name>
         <load_address>0x4901</load_address>
         <run_address>0x4901</run_address>
         <size>0x1c9</size>
         <input_file_ref idref="fl-4"/>
      </object_component>
      <object_component id="oc-1b7">
         <name>.debug_info</name>
         <load_address>0x4aca</load_address>
         <run_address>0x4aca</run_address>
         <size>0x1ec</size>
         <input_file_ref idref="fl-4"/>
      </object_component>
      <object_component id="oc-1bd">
         <name>.debug_info</name>
         <load_address>0x4cb6</load_address>
         <run_address>0x4cb6</run_address>
         <size>0x159</size>
         <input_file_ref idref="fl-4"/>
      </object_component>
      <object_component id="oc-1c3">
         <name>.debug_info</name>
         <load_address>0x4e0f</load_address>
         <run_address>0x4e0f</run_address>
         <size>0xd9</size>
         <input_file_ref idref="fl-5b"/>
      </object_component>
      <object_component id="oc-1c8">
         <name>.debug_info</name>
         <load_address>0x4ee8</load_address>
         <run_address>0x4ee8</run_address>
         <size>0x262</size>
         <input_file_ref idref="fl-3"/>
      </object_component>
      <object_component id="oc-1ce">
         <name>.debug_info</name>
         <load_address>0x514a</load_address>
         <run_address>0x514a</run_address>
         <size>0x23e</size>
         <input_file_ref idref="fl-3"/>
      </object_component>
      <object_component id="oc-1d5">
         <name>.debug_info</name>
         <load_address>0x5388</load_address>
         <run_address>0x5388</run_address>
         <size>0x14d</size>
         <input_file_ref idref="fl-4"/>
      </object_component>
      <object_component id="oc-1db">
         <name>.debug_info</name>
         <load_address>0x54d5</load_address>
         <run_address>0x54d5</run_address>
         <size>0xe3</size>
         <input_file_ref idref="fl-58"/>
      </object_component>
      <object_component id="oc-1e0">
         <name>.debug_info</name>
         <load_address>0x55b8</load_address>
         <run_address>0x55b8</run_address>
         <size>0x297</size>
         <input_file_ref idref="fl-4"/>
      </object_component>
      <object_component id="oc-1e6">
         <name>.debug_info</name>
         <load_address>0x584f</load_address>
         <run_address>0x584f</run_address>
         <size>0x2c</size>
         <input_file_ref idref="fl-3"/>
      </object_component>
      <object_component id="oc-1eb">
         <name>.debug_info</name>
         <load_address>0x587b</load_address>
         <run_address>0x587b</run_address>
         <size>0x9a</size>
         <input_file_ref idref="fl-4"/>
      </object_component>
      <object_component id="oc-1f1">
         <name>.debug_info</name>
         <load_address>0x5915</load_address>
         <run_address>0x5915</run_address>
         <size>0x1a2</size>
         <input_file_ref idref="fl-4"/>
      </object_component>
      <object_component id="oc-1fc">
         <name>.debug_info</name>
         <load_address>0x5ab7</load_address>
         <run_address>0x5ab7</run_address>
         <size>0x70</size>
         <input_file_ref idref="fl-2"/>
      </object_component>
      <object_component id="oc-203">
         <name>.debug_info</name>
         <load_address>0x5b27</load_address>
         <run_address>0x5b27</run_address>
         <size>0x12b</size>
         <input_file_ref idref="fl-3"/>
      </object_component>
      <object_component id="oc-209">
         <name>.debug_info</name>
         <load_address>0x5c52</load_address>
         <run_address>0x5c52</run_address>
         <size>0x29b</size>
         <input_file_ref idref="fl-3"/>
      </object_component>
      <object_component id="oc-20f">
         <name>.debug_info</name>
         <load_address>0x5eed</load_address>
         <run_address>0x5eed</run_address>
         <size>0x13c</size>
         <input_file_ref idref="fl-4"/>
      </object_component>
      <object_component id="oc-21b">
         <name>.debug_info</name>
         <load_address>0x6029</load_address>
         <run_address>0x6029</run_address>
         <size>0x1b8</size>
         <input_file_ref idref="fl-4"/>
      </object_component>
      <object_component id="oc-221">
         <name>.debug_info</name>
         <load_address>0x61e1</load_address>
         <run_address>0x61e1</run_address>
         <size>0x16f</size>
         <input_file_ref idref="fl-4"/>
      </object_component>
      <object_component id="oc-227">
         <name>.debug_info</name>
         <load_address>0x6350</load_address>
         <run_address>0x6350</run_address>
         <size>0x188</size>
         <input_file_ref idref="fl-4"/>
      </object_component>
      <object_component id="oc-22e">
         <name>.debug_info</name>
         <load_address>0x64d8</load_address>
         <run_address>0x64d8</run_address>
         <size>0x181</size>
         <input_file_ref idref="fl-4"/>
      </object_component>
      <object_component id="oc-234">
         <name>.debug_info</name>
         <load_address>0x6659</load_address>
         <run_address>0x6659</run_address>
         <size>0x14a</size>
         <input_file_ref idref="fl-4"/>
      </object_component>
      <object_component id="oc-23a">
         <name>.debug_info</name>
         <load_address>0x67a3</load_address>
         <run_address>0x67a3</run_address>
         <size>0x146</size>
         <input_file_ref idref="fl-4"/>
      </object_component>
      <object_component id="oc-244">
         <name>.debug_info</name>
         <load_address>0x68e9</load_address>
         <run_address>0x68e9</run_address>
         <size>0x22d</size>
         <input_file_ref idref="fl-4"/>
      </object_component>
      <object_component id="oc-24b">
         <name>.debug_info</name>
         <load_address>0x6b16</load_address>
         <run_address>0x6b16</run_address>
         <size>0x170</size>
         <input_file_ref idref="fl-4"/>
      </object_component>
      <object_component id="oc-259">
         <name>.debug_info</name>
         <load_address>0x6c86</load_address>
         <run_address>0x6c86</run_address>
         <size>0xdf</size>
         <input_file_ref idref="fl-3"/>
      </object_component>
      <object_component id="oc-25c">
         <name>.debug_info</name>
         <load_address>0x6d65</load_address>
         <run_address>0x6d65</run_address>
         <size>0x3fe</size>
         <input_file_ref idref="fl-3"/>
      </object_component>
      <object_component id="oc-25f">
         <name>.debug_info</name>
         <load_address>0x7163</load_address>
         <run_address>0x7163</run_address>
         <size>0xfb</size>
         <input_file_ref idref="fl-3"/>
      </object_component>
      <object_component id="oc-266">
         <name>.debug_info</name>
         <load_address>0x725e</load_address>
         <run_address>0x725e</run_address>
         <size>0x205</size>
         <input_file_ref idref="fl-3"/>
      </object_component>
      <object_component id="oc-26c">
         <name>.debug_info</name>
         <load_address>0x7463</load_address>
         <run_address>0x7463</run_address>
         <size>0x1e1</size>
         <input_file_ref idref="fl-3"/>
      </object_component>
      <object_component id="oc-272">
         <name>.debug_info</name>
         <load_address>0x7644</load_address>
         <run_address>0x7644</run_address>
         <size>0xff</size>
         <input_file_ref idref="fl-3"/>
      </object_component>
      <object_component id="oc-278">
         <name>.debug_info</name>
         <load_address>0x7743</load_address>
         <run_address>0x7743</run_address>
         <size>0x11e</size>
         <input_file_ref idref="fl-3"/>
      </object_component>
      <object_component id="oc-280">
         <name>.debug_info</name>
         <load_address>0x7861</load_address>
         <run_address>0x7861</run_address>
         <size>0x1b1</size>
         <input_file_ref idref="fl-3"/>
      </object_component>
      <object_component id="oc-286">
         <name>.debug_info</name>
         <load_address>0x7a12</load_address>
         <run_address>0x7a12</run_address>
         <size>0x17e</size>
         <input_file_ref idref="fl-3"/>
      </object_component>
      <object_component id="oc-290">
         <name>.debug_info</name>
         <load_address>0x7b90</load_address>
         <run_address>0x7b90</run_address>
         <size>0x163</size>
         <input_file_ref idref="fl-4"/>
      </object_component>
      <object_component id="oc-298">
         <name>.debug_info</name>
         <load_address>0x7cf3</load_address>
         <run_address>0x7cf3</run_address>
         <size>0x11e</size>
         <input_file_ref idref="fl-3"/>
      </object_component>
      <object_component id="oc-29e">
         <name>.debug_info</name>
         <load_address>0x7e11</load_address>
         <run_address>0x7e11</run_address>
         <size>0x148</size>
         <input_file_ref idref="fl-3"/>
      </object_component>
      <object_component id="oc-2aa">
         <name>.debug_info</name>
         <load_address>0x7f59</load_address>
         <run_address>0x7f59</run_address>
         <size>0x101</size>
         <input_file_ref idref="fl-3"/>
      </object_component>
      <object_component id="oc-2b0">
         <name>.debug_info</name>
         <load_address>0x805a</load_address>
         <run_address>0x805a</run_address>
         <size>0x109</size>
         <input_file_ref idref="fl-3"/>
      </object_component>
      <object_component id="oc-2b9">
         <name>.debug_info</name>
         <load_address>0x8163</load_address>
         <run_address>0x8163</run_address>
         <size>0x134</size>
         <input_file_ref idref="fl-4"/>
      </object_component>
      <object_component id="oc-2c0">
         <name>.debug_info</name>
         <load_address>0x8297</load_address>
         <run_address>0x8297</run_address>
         <size>0x164</size>
         <input_file_ref idref="fl-4"/>
      </object_component>
      <object_component id="oc-2c6">
         <name>.debug_info</name>
         <load_address>0x83fb</load_address>
         <run_address>0x83fb</run_address>
         <size>0x1e3</size>
         <input_file_ref idref="fl-4"/>
      </object_component>
      <object_component id="oc-2d8">
         <name>.debug_info</name>
         <load_address>0x85de</load_address>
         <run_address>0x85de</run_address>
         <size>0x134</size>
         <input_file_ref idref="fl-3"/>
      </object_component>
      <object_component id="oc-2de">
         <name>.debug_info</name>
         <load_address>0x8712</load_address>
         <run_address>0x8712</run_address>
         <size>0x12c</size>
         <input_file_ref idref="fl-3"/>
      </object_component>
      <object_component id="oc-2ea">
         <name>.debug_info</name>
         <load_address>0x883e</load_address>
         <run_address>0x883e</run_address>
         <size>0x130</size>
         <input_file_ref idref="fl-3"/>
      </object_component>
      <object_component id="oc-2f2">
         <name>.debug_info</name>
         <load_address>0x896e</load_address>
         <run_address>0x896e</run_address>
         <size>0x2d6</size>
         <input_file_ref idref="fl-3"/>
      </object_component>
      <object_component id="oc-305">
         <name>.debug_info</name>
         <load_address>0x8c44</load_address>
         <run_address>0x8c44</run_address>
         <size>0xd3</size>
         <input_file_ref idref="fl-5a"/>
      </object_component>
      <object_component id="oc-30a">
         <name>.debug_info</name>
         <load_address>0x8d17</load_address>
         <run_address>0x8d17</run_address>
         <size>0x105</size>
         <input_file_ref idref="fl-3"/>
      </object_component>
      <object_component id="oc-37b">
         <name>.debug_info</name>
         <load_address>0x8e1c</load_address>
         <run_address>0x8e1c</run_address>
         <size>0x94</size>
      </object_component>
      <object_component id="oc-86">
         <name>.debug_aranges</name>
         <load_address>0x0</load_address>
         <run_address>0x0</run_address>
         <size>0x20</size>
         <input_file_ref idref="fl-5c"/>
      </object_component>
      <object_component id="oc-92">
         <name>.debug_aranges</name>
         <load_address>0x20</load_address>
         <run_address>0x20</run_address>
         <size>0x20</size>
         <input_file_ref idref="fl-38"/>
      </object_component>
      <object_component id="oc-97">
         <name>.debug_aranges</name>
         <load_address>0x40</load_address>
         <run_address>0x40</run_address>
         <size>0x20</size>
         <input_file_ref idref="fl-54"/>
      </object_component>
      <object_component id="oc-9e">
         <name>.debug_aranges</name>
         <load_address>0x60</load_address>
         <run_address>0x60</run_address>
         <size>0x20</size>
         <input_file_ref idref="fl-39"/>
      </object_component>
      <object_component id="oc-a7">
         <name>.debug_aranges</name>
         <load_address>0x80</load_address>
         <run_address>0x80</run_address>
         <size>0x20</size>
         <input_file_ref idref="fl-3b"/>
      </object_component>
      <object_component id="oc-ac">
         <name>.debug_aranges</name>
         <load_address>0xa0</load_address>
         <run_address>0xa0</run_address>
         <size>0x20</size>
         <input_file_ref idref="fl-60"/>
      </object_component>
      <object_component id="oc-b2">
         <name>.debug_aranges</name>
         <load_address>0xc0</load_address>
         <run_address>0xc0</run_address>
         <size>0x20</size>
         <input_file_ref idref="fl-5f"/>
      </object_component>
      <object_component id="oc-b8">
         <name>.debug_aranges</name>
         <load_address>0xe0</load_address>
         <run_address>0xe0</run_address>
         <size>0x20</size>
         <input_file_ref idref="fl-2"/>
      </object_component>
      <object_component id="oc-be">
         <name>.debug_aranges</name>
         <load_address>0x100</load_address>
         <run_address>0x100</run_address>
         <size>0x20</size>
         <input_file_ref idref="fl-61"/>
      </object_component>
      <object_component id="oc-c5">
         <name>.debug_aranges</name>
         <load_address>0x120</load_address>
         <run_address>0x120</run_address>
         <size>0x20</size>
         <input_file_ref idref="fl-63"/>
      </object_component>
      <object_component id="oc-da">
         <name>.debug_aranges</name>
         <load_address>0x140</load_address>
         <run_address>0x140</run_address>
         <size>0x20</size>
         <input_file_ref idref="fl-39"/>
      </object_component>
      <object_component id="oc-f5">
         <name>.debug_aranges</name>
         <load_address>0x160</load_address>
         <run_address>0x160</run_address>
         <size>0x20</size>
         <input_file_ref idref="fl-4"/>
      </object_component>
      <object_component id="oc-ff">
         <name>.debug_aranges</name>
         <load_address>0x180</load_address>
         <run_address>0x180</run_address>
         <size>0x20</size>
         <input_file_ref idref="fl-2"/>
      </object_component>
      <object_component id="oc-106">
         <name>.debug_aranges</name>
         <load_address>0x1a0</load_address>
         <run_address>0x1a0</run_address>
         <size>0x20</size>
         <input_file_ref idref="fl-4"/>
      </object_component>
      <object_component id="oc-10f">
         <name>.debug_aranges</name>
         <load_address>0x1c0</load_address>
         <run_address>0x1c0</run_address>
         <size>0x20</size>
         <input_file_ref idref="fl-4"/>
      </object_component>
      <object_component id="oc-11a">
         <name>.debug_aranges</name>
         <load_address>0x1e0</load_address>
         <run_address>0x1e0</run_address>
         <size>0x20</size>
         <input_file_ref idref="fl-4"/>
      </object_component>
      <object_component id="oc-121">
         <name>.debug_aranges</name>
         <load_address>0x200</load_address>
         <run_address>0x200</run_address>
         <size>0x20</size>
         <input_file_ref idref="fl-4"/>
      </object_component>
      <object_component id="oc-154">
         <name>.debug_aranges</name>
         <load_address>0x220</load_address>
         <run_address>0x220</run_address>
         <size>0x20</size>
         <input_file_ref idref="fl-4"/>
      </object_component>
      <object_component id="oc-15e">
         <name>.debug_aranges</name>
         <load_address>0x240</load_address>
         <run_address>0x240</run_address>
         <size>0x20</size>
         <input_file_ref idref="fl-4"/>
      </object_component>
      <object_component id="oc-167">
         <name>.debug_aranges</name>
         <load_address>0x260</load_address>
         <run_address>0x260</run_address>
         <size>0x20</size>
         <input_file_ref idref="fl-56"/>
      </object_component>
      <object_component id="oc-16c">
         <name>.debug_aranges</name>
         <load_address>0x280</load_address>
         <run_address>0x280</run_address>
         <size>0x20</size>
         <input_file_ref idref="fl-57"/>
      </object_component>
      <object_component id="oc-171">
         <name>.debug_aranges</name>
         <load_address>0x2a0</load_address>
         <run_address>0x2a0</run_address>
         <size>0x20</size>
         <input_file_ref idref="fl-59"/>
      </object_component>
      <object_component id="oc-177">
         <name>.debug_aranges</name>
         <load_address>0x2c0</load_address>
         <run_address>0x2c0</run_address>
         <size>0x20</size>
         <input_file_ref idref="fl-4"/>
      </object_component>
      <object_component id="oc-17d">
         <name>.debug_aranges</name>
         <load_address>0x2e0</load_address>
         <run_address>0x2e0</run_address>
         <size>0x20</size>
         <input_file_ref idref="fl-4"/>
      </object_component>
      <object_component id="oc-183">
         <name>.debug_aranges</name>
         <load_address>0x300</load_address>
         <run_address>0x300</run_address>
         <size>0x20</size>
         <input_file_ref idref="fl-3"/>
      </object_component>
      <object_component id="oc-189">
         <name>.debug_aranges</name>
         <load_address>0x320</load_address>
         <run_address>0x320</run_address>
         <size>0x20</size>
         <input_file_ref idref="fl-4"/>
      </object_component>
      <object_component id="oc-18f">
         <name>.debug_aranges</name>
         <load_address>0x340</load_address>
         <run_address>0x340</run_address>
         <size>0x20</size>
         <input_file_ref idref="fl-4"/>
      </object_component>
      <object_component id="oc-195">
         <name>.debug_aranges</name>
         <load_address>0x360</load_address>
         <run_address>0x360</run_address>
         <size>0x20</size>
         <input_file_ref idref="fl-4"/>
      </object_component>
      <object_component id="oc-19b">
         <name>.debug_aranges</name>
         <load_address>0x380</load_address>
         <run_address>0x380</run_address>
         <size>0x20</size>
         <input_file_ref idref="fl-4"/>
      </object_component>
      <object_component id="oc-1a1">
         <name>.debug_aranges</name>
         <load_address>0x3a0</load_address>
         <run_address>0x3a0</run_address>
         <size>0x20</size>
         <input_file_ref idref="fl-5a"/>
      </object_component>
      <object_component id="oc-1a7">
         <name>.debug_aranges</name>
         <load_address>0x3c0</load_address>
         <run_address>0x3c0</run_address>
         <size>0x20</size>
         <input_file_ref idref="fl-4"/>
      </object_component>
      <object_component id="oc-1ae">
         <name>.debug_aranges</name>
         <load_address>0x3e0</load_address>
         <run_address>0x3e0</run_address>
         <size>0x20</size>
         <input_file_ref idref="fl-55"/>
      </object_component>
      <object_component id="oc-1b2">
         <name>.debug_aranges</name>
         <load_address>0x400</load_address>
         <run_address>0x400</run_address>
         <size>0x20</size>
         <input_file_ref idref="fl-4"/>
      </object_component>
      <object_component id="oc-1b8">
         <name>.debug_aranges</name>
         <load_address>0x420</load_address>
         <run_address>0x420</run_address>
         <size>0x20</size>
         <input_file_ref idref="fl-4"/>
      </object_component>
      <object_component id="oc-1be">
         <name>.debug_aranges</name>
         <load_address>0x440</load_address>
         <run_address>0x440</run_address>
         <size>0x20</size>
         <input_file_ref idref="fl-4"/>
      </object_component>
      <object_component id="oc-1c4">
         <name>.debug_aranges</name>
         <load_address>0x460</load_address>
         <run_address>0x460</run_address>
         <size>0x20</size>
         <input_file_ref idref="fl-5b"/>
      </object_component>
      <object_component id="oc-1c9">
         <name>.debug_aranges</name>
         <load_address>0x480</load_address>
         <run_address>0x480</run_address>
         <size>0x20</size>
         <input_file_ref idref="fl-3"/>
      </object_component>
      <object_component id="oc-1cf">
         <name>.debug_aranges</name>
         <load_address>0x4a0</load_address>
         <run_address>0x4a0</run_address>
         <size>0x20</size>
         <input_file_ref idref="fl-3"/>
      </object_component>
      <object_component id="oc-1d6">
         <name>.debug_aranges</name>
         <load_address>0x4c0</load_address>
         <run_address>0x4c0</run_address>
         <size>0x20</size>
         <input_file_ref idref="fl-4"/>
      </object_component>
      <object_component id="oc-1dc">
         <name>.debug_aranges</name>
         <load_address>0x4e0</load_address>
         <run_address>0x4e0</run_address>
         <size>0x20</size>
         <input_file_ref idref="fl-58"/>
      </object_component>
      <object_component id="oc-1e1">
         <name>.debug_aranges</name>
         <load_address>0x500</load_address>
         <run_address>0x500</run_address>
         <size>0x20</size>
         <input_file_ref idref="fl-4"/>
      </object_component>
      <object_component id="oc-1f2">
         <name>.debug_aranges</name>
         <load_address>0x520</load_address>
         <run_address>0x520</run_address>
         <size>0x20</size>
         <input_file_ref idref="fl-4"/>
      </object_component>
      <object_component id="oc-204">
         <name>.debug_aranges</name>
         <load_address>0x540</load_address>
         <run_address>0x540</run_address>
         <size>0x20</size>
         <input_file_ref idref="fl-3"/>
      </object_component>
      <object_component id="oc-20a">
         <name>.debug_aranges</name>
         <load_address>0x560</load_address>
         <run_address>0x560</run_address>
         <size>0x20</size>
         <input_file_ref idref="fl-3"/>
      </object_component>
      <object_component id="oc-210">
         <name>.debug_aranges</name>
         <load_address>0x580</load_address>
         <run_address>0x580</run_address>
         <size>0x20</size>
         <input_file_ref idref="fl-4"/>
      </object_component>
      <object_component id="oc-21c">
         <name>.debug_aranges</name>
         <load_address>0x5a0</load_address>
         <run_address>0x5a0</run_address>
         <size>0x20</size>
         <input_file_ref idref="fl-4"/>
      </object_component>
      <object_component id="oc-222">
         <name>.debug_aranges</name>
         <load_address>0x5c0</load_address>
         <run_address>0x5c0</run_address>
         <size>0x20</size>
         <input_file_ref idref="fl-4"/>
      </object_component>
      <object_component id="oc-228">
         <name>.debug_aranges</name>
         <load_address>0x5e0</load_address>
         <run_address>0x5e0</run_address>
         <size>0x20</size>
         <input_file_ref idref="fl-4"/>
      </object_component>
      <object_component id="oc-22f">
         <name>.debug_aranges</name>
         <load_address>0x600</load_address>
         <run_address>0x600</run_address>
         <size>0x20</size>
         <input_file_ref idref="fl-4"/>
      </object_component>
      <object_component id="oc-235">
         <name>.debug_aranges</name>
         <load_address>0x620</load_address>
         <run_address>0x620</run_address>
         <size>0x20</size>
         <input_file_ref idref="fl-4"/>
      </object_component>
      <object_component id="oc-23b">
         <name>.debug_aranges</name>
         <load_address>0x640</load_address>
         <run_address>0x640</run_address>
         <size>0x20</size>
         <input_file_ref idref="fl-4"/>
      </object_component>
      <object_component id="oc-245">
         <name>.debug_aranges</name>
         <load_address>0x660</load_address>
         <run_address>0x660</run_address>
         <size>0x20</size>
         <input_file_ref idref="fl-4"/>
      </object_component>
      <object_component id="oc-24c">
         <name>.debug_aranges</name>
         <load_address>0x680</load_address>
         <run_address>0x680</run_address>
         <size>0x20</size>
         <input_file_ref idref="fl-4"/>
      </object_component>
      <object_component id="oc-260">
         <name>.debug_aranges</name>
         <load_address>0x6a0</load_address>
         <run_address>0x6a0</run_address>
         <size>0x20</size>
         <input_file_ref idref="fl-3"/>
      </object_component>
      <object_component id="oc-267">
         <name>.debug_aranges</name>
         <load_address>0x6c0</load_address>
         <run_address>0x6c0</run_address>
         <size>0x20</size>
         <input_file_ref idref="fl-3"/>
      </object_component>
      <object_component id="oc-26d">
         <name>.debug_aranges</name>
         <load_address>0x6e0</load_address>
         <run_address>0x6e0</run_address>
         <size>0x20</size>
         <input_file_ref idref="fl-3"/>
      </object_component>
      <object_component id="oc-273">
         <name>.debug_aranges</name>
         <load_address>0x700</load_address>
         <run_address>0x700</run_address>
         <size>0x20</size>
         <input_file_ref idref="fl-3"/>
      </object_component>
      <object_component id="oc-279">
         <name>.debug_aranges</name>
         <load_address>0x720</load_address>
[...]
      </symbol>
      <symbol id="sm-303">
         <name>UCB0I2COA1_L</name>
         <value>0x656</value>
      </symbol>
      <symbol id="sm-304">
         <name>UCB0I2COA1_H</name>
         <value>0x657</value>
      </symbol>
      <symbol id="sm-305">
         <name>UCB0I2COA2</name>
         <value>0x658</value>
      </symbol>
      <symbol id="sm-306">
         <name>UCB0I2COA2_L</name>
         <value>0x658</value>
      </symbol>
      <symbol id="sm-307">
         <name>UCB0I2COA2_H</name>
         <value>0x659</value>
      </symbol>
      <symbol id="sm-308">
         <name>UCB0I2COA3</name>
         <value>0x65a</value>
      </symbol>
      <symbol id="sm-309">
         <name>UCB0I2COA3_L</name>
         <value>0x65a</value>
      </symbol>
      <symbol id="sm-30a">
         <name>UCB0I2COA3_H</name>
         <value>0x65b</value>
      </symbol>
      <symbol id="sm-30b">
         <name>UCB0ADDRX</name>
         <value>0x65c</value>
      </symbol>
      <symbol id="sm-30c">
         <name>UCB0ADDRX_L</name>
         <value>0x65c</value>
      </symbol>
      <symbol id="sm-30d">
         <name>UCB0ADDRX_H</name>
         <value>0x65d</value>
      </symbol>
      <symbol id="sm-30e">
         <name>UCB0ADDMASK</name>
         <value>0x65e</value>
      </symbol>
      <symbol id="sm-30f">
         <name>UCB0ADDMASK_L</name>
         <value>0x65e</value>
      </symbol>
      <symbol id="sm-310">
         <name>UCB0ADDMASK_H</name>
         <value>0x65f</value>
      </symbol>
      <symbol id="sm-311">
         <name>UCB0I2CSA</name>
         <value>0x660</value>
      </symbol>
      <symbol id="sm-312">
         <name>UCB0I2CSA_L</name>
         <value>0x660</value>
      </symbol>
      <symbol id="sm-313">
         <name>UCB0I2CSA_H</name>
         <value>0x661</value>
      </symbol>
      <symbol id="sm-314">
         <name>UCB0IE</name>
         <value>0x66a</value>
      </symbol>
      <symbol id="sm-315">
         <name>UCB0IE_L</name>
         <value>0x66a</value>
      </symbol>
      <symbol id="sm-316">
         <name>UCB0IE_H</name>
         <value>0x66b</value>
      </symbol>
      <symbol id="sm-317">
         <name>UCB0IFG</name>
         <value>0x66c</value>
      </symbol>
      <symbol id="sm-318">
         <name>UCB0IFG_L</name>
         <value>0x66c</value>
      </symbol>
      <symbol id="sm-319">
         <name>UCB0IFG_H</name>
         <value>0x66d</value>
      </symbol>
      <symbol id="sm-31a">
         <name>UCB0IV</name>
         <value>0x66e</value>
      </symbol>
      <symbol id="sm-31b">
         <name>WDTCTL</name>
         <value>0x15c</value>
      </symbol>
      <symbol id="sm-31c">
         <name>WDTCTL_L</name>
         <value>0x15c</value>
      </symbol>
      <symbol id="sm-31d">
         <name>WDTCTL_H</name>
         <value>0x15d</value>
      </symbol>
      <symbol id="sm-31e">
         <name>fram_rx_start</name>
         <value>0x4400</value>
      </symbol>
      <symbol id="sm-31f">
         <name>fram_ipe_start</name>
         <value>0x4400</value>
      </symbol>
      <symbol id="sm-320">
         <name>fram_ipe_end</name>
         <value>0x4400</value>
      </symbol>
      <symbol id="sm-321">
         <name>__TI_CINIT_Base</name>
         <value>0x4468</value>
      </symbol>
      <symbol id="sm-322">
         <name>__TI_CINIT_Limit</name>
         <value>0x4478</value>
      </symbol>
      <symbol id="sm-323">
         <name>__TI_Handler_Table_Base</name>
         <value>0x4456</value>
      </symbol>
      <symbol id="sm-324">
         <name>__TI_Handler_Table_Limit</name>
         <value>0x4462</value>
      </symbol>
      <symbol id="sm-325">
         <name>binit</name>
         <value>0xffffffff</value>
      </symbol>
      <symbol id="sm-326">
         <name>__binit__</name>
         <value>0xffffffff</value>
      </symbol>
      <symbol id="sm-327">
         <name>__STACK_SIZE</name>
         <value>0xa0</value>
      </symbol>
      <symbol id="sm-328">
         <name>__STACK_END</name>
         <value>0x2400</value>
      </symbol>
      <symbol id="sm-329">
         <name>__c_args__</name>
         <value>0xffffffff</value>
      </symbol>
      <symbol id="sm-3c2">
         <name>sdVolume</name>
         <value>0x1c00</value>
      </symbol>
      <symbol id="sm-3c3">
         <name>logfile</name>
         <value>0x1e2e</value>
      </symbol>
      <symbol id="sm-3c4">
         <name>printValue</name>
         <value>0x2052</value>
      </symbol>
      <symbol id="sm-3c5">
         <name>testFloat</name>
         <value>0x2066</value>
         <object_component_ref idref="oc-f9"/>
      </symbol>
      <symbol id="sm-3c6">
         <name>main</name>
         <value>0x1183a</value>
         <object_component_ref idref="oc-b6"/>
      </symbol>
      <symbol id="sm-3c7">
         <name>status</name>
         <value>0x2064</value>
         <object_component_ref idref="oc-f9"/>
      </symbol>
      <symbol id="sm-3c8">
         <name>FloatToPrint</name>
         <value>0x124be</value>
         <object_component_ref idref="oc-fd"/>
      </symbol>
      <symbol id="sm-4d7">
         <name>get_fattime</name>
         <value>0x12abe</value>
         <object_component_ref idref="oc-181"/>
      </symbol>
      <symbol id="sm-4d8">
         <name>disk_status</name>
         <value>0x12aa4</value>
         <object_component_ref idref="oc-202"/>
      </symbol>
      <symbol id="sm-4d9">
         <name>disk_read</name>
         <value>0x12024</value>
         <object_component_ref idref="oc-1cd"/>
      </symbol>
      <symbol id="sm-4da">
         <name>disk_initialize</name>
         <value>0x113f4</value>
         <object_component_ref idref="oc-208"/>
      </symbol>
      <symbol id="sm-4db">
         <name>disk_ioctl</name>
         <value>0x10f1a</value>
         <object_component_ref idref="oc-2f1"/>
      </symbol>
      <symbol id="sm-4dc">
         <name>disk_write</name>
         <value>0x11c98</value>
         <object_component_ref idref="oc-1c7"/>
      </symbol>
      <symbol id="sm-73b">
         <name>f_sync</name>
         <value>0x11d6a</value>
         <object_component_ref idref="oc-1f0"/>
      </symbol>
      <symbol id="sm-73c">
         <name>f_printf</name>
         <value>0x104f4</value>
         <object_component_ref idref="oc-118"/>
      </symbol>
      <symbol id="sm-73d">
         <name>clust2sect</name>
         <value>0x1279a</value>
         <object_component_ref idref="oc-1bc"/>
      </symbol>
      <symbol id="sm-73e">
         <name>put_fat</name>
         <value>0x11264</value>
         <object_component_ref idref="oc-243"/>
      </symbol>
      <symbol id="sm-73f">
         <name>f_write</name>
         <value>0x10a94</value>
         <object_component_ref idref="oc-1df"/>
      </symbol>
      <symbol id="sm-740">
         <name>f_close</name>
         <value>0x1298c</value>
         <object_component_ref idref="oc-11f"/>
      </symbol>
      <symbol id="sm-741">
         <name>f_open</name>
         <value>0x10d26</value>
         <object_component_ref idref="oc-104"/>
      </symbol>
      <symbol id="sm-742">
         <name>f_lseek</name>
         <value>0x107f8</value>
         <object_component_ref idref="oc-10d"/>
      </symbol>
      <symbol id="sm-743">
         <name>f_mount</name>
         <value>0x121c6</value>
         <object_component_ref idref="oc-f3"/>
      </symbol>
      <symbol id="sm-744">
         <name>get_fat</name>
         <value>0x116f2</value>
         <object_component_ref idref="oc-1b6"/>
      </symbol>
      <symbol id="sm-75a">
         <name>__TI_decompress_none</name>
         <value>0x12a4c</value>
         <object_component_ref idref="oc-8f"/>
      </symbol>
      <symbol id="sm-77c">
         <name>__TI_decompress_rle24</name>
         <value>0x12ade</value>
         <object_component_ref idref="oc-9b"/>
      </symbol>
      <symbol id="sm-77f">
         <name>__TI_int30</name>
         <value>0xffcc</value>
         <object_component_ref idref="oc-70"/>
      </symbol>
      <symbol id="sm-787">
         <name>__TI_ISR_TRAP</name>
         <value>0x441a</value>
         <object_component_ref idref="oc-a5"/>
      </symbol>
      <symbol id="sm-78a">
         <name>__TI_int31</name>
         <value>0xffce</value>
         <object_component_ref idref="oc-71"/>
      </symbol>
      <symbol id="sm-78d">
         <name>__TI_int32</name>
         <value>0xffd0</value>
         <object_component_ref idref="oc-72"/>
      </symbol>
      <symbol id="sm-790">
         <name>__TI_int33</name>
         <value>0xffd2</value>
         <object_component_ref idref="oc-73"/>
      </symbol>
      <symbol id="sm-793">
         <name>__TI_int34</name>
         <value>0xffd4</value>
         <object_component_ref idref="oc-74"/>
      </symbol>
      <symbol id="sm-796">
         <name>__TI_int35</name>
         <value>0xffd6</value>
         <object_component_ref idref="oc-75"/>
      </symbol>
      <symbol id="sm-799">
         <name>__TI_int36</name>
         <value>0xffd8</value>
         <object_component_ref idref="oc-76"/>
      </symbol>
      <symbol id="sm-79c">
         <name>__TI_int37</name>
         <value>0xffda</value>
         <object_component_ref idref="oc-77"/>
      </symbol>
      <symbol id="sm-79f">
         <name>__TI_int38</name>
         <value>0xffdc</value>
         <object_component_ref idref="oc-78"/>
      </symbol>
      <symbol id="sm-7a2">
         <name>__TI_int39</name>
         <value>0xffde</value>
         <object_component_ref idref="oc-79"/>
      </symbol>
      <symbol id="sm-7a5">
         <name>__TI_int40</name>
         <value>0xffe0</value>
         <object_component_ref idref="oc-7a"/>
      </symbol>
      <symbol id="sm-7a8">
         <name>__TI_int41</name>
         <value>0xffe2</value>
         <object_component_ref idref="oc-7b"/>
      </symbol>
      <symbol id="sm-7ab">
         <name>__TI_int42</name>
         <value>0xffe4</value>
         <object_component_ref idref="oc-7c"/>
      </symbol>
      <symbol id="sm-7ae">
         <name>__TI_int43</name>
         <value>0xffe6</value>
         <object_component_ref idref="oc-7d"/>
      </symbol>
      <symbol id="sm-7b1">
         <name>__TI_int44</name>
         <value>0xffe8</value>
         <object_component_ref idref="oc-7e"/>
      </symbol>
      <symbol id="sm-7b4">
         <name>__TI_int45</name>
         <value>0xffea</value>
         <object_component_ref idref="oc-7f"/>
      </symbol>
      <symbol id="sm-7b7">
         <name>__TI_int46</name>
         <value>0xffec</value>
         <object_component_ref idref="oc-80"/>
      </symbol>
      <symbol id="sm-7ba">
         <name>__TI_int47</name>
         <value>0xffee</value>
         <object_component_ref idref="oc-81"/>
      </symbol>
      <symbol id="sm-7bd">
         <name>__TI_int48</name>
         <value>0xfff0</value>
         <object_component_ref idref="oc-82"/>
      </symbol>
      <symbol id="sm-7c0">
         <name>__TI_int49</name>
         <value>0xfff2</value>
         <object_component_ref idref="oc-83"/>
      </symbol>
      <symbol id="sm-7c3">
         <name>__TI_int50</name>
         <value>0xfff4</value>
         <object_component_ref idref="oc-8a"/>
      </symbol>
      <symbol id="sm-7c6">
         <name>__TI_int51</name>
         <value>0xfff6</value>
         <object_component_ref idref="oc-8b"/>
      </symbol>
      <symbol id="sm-7c9">
         <name>__TI_int52</name>
         <value>0xfff8</value>
         <object_component_ref idref="oc-8c"/>
      </symbol>
      <symbol id="sm-7cc">
         <name>__TI_int53</name>
         <value>0xfffa</value>
         <object_component_ref idref="oc-8d"/>
      </symbol>
      <symbol id="sm-7cf">
         <name>__TI_int54</name>
         <value>0xfffc</value>
         <object_component_ref idref="oc-8e"/>
      </symbol>
      <symbol id="sm-7e2">
         <name>__TI_zero_init</name>
         <value>0x12922</value>
         <object_component_ref idref="oc-95"/>
      </symbol>
      <symbol id="sm-7f0">
         <name>__mspabi_remul</name>
         <value>0x12516</value>
         <object_component_ref idref="oc-1ab"/>
      </symbol>
      <symbol id="sm-7f1">
         <name>__mspabi_divul</name>
         <value>0x12516</value>
         <object_component_ref idref="oc-1ab"/>
      </symbol>
      <symbol id="sm-804">
         <name>__mspabi_fixfli</name>
         <value>0x12244</value>
         <object_component_ref idref="oc-165"/>
      </symbol>
      <symbol id="sm-81b">
         <name>__mspabi_mpyf</name>
         <value>0x11e38</value>
         <object_component_ref idref="oc-16a"/>
      </symbol>
      <symbol id="sm-823">
         <name>__mspabi_mpyi_f5hw</name>
         <value>0x129f8</value>
         <object_component_ref idref="oc-1da"/>
      </symbol>
      <symbol id="sm-82b">
         <name>__mspabi_mpyl_f5hw</name>
         <value>0x1296a</value>
         <object_component_ref idref="oc-16f"/>
      </symbol>
      <symbol id="sm-83b">
         <name>__mspabi_slll_9</name>
         <value>0x127f0</value>
         <object_component_ref idref="oc-19f"/>
      </symbol>
      <symbol id="sm-83c">
         <name>__mspabi_slll_8</name>
         <value>0x127f4</value>
         <object_component_ref idref="oc-19f"/>
      </symbol>
      <symbol id="sm-83d">
         <name>__mspabi_slll_7</name>
         <value>0x127f8</value>
         <object_component_ref idref="oc-19f"/>
      </symbol>
      <symbol id="sm-83e">
         <name>__mspabi_slll_6</name>
         <value>0x127fc</value>
         <object_component_ref idref="oc-19f"/>
      </symbol>
      <symbol id="sm-83f">
         <name>__mspabi_slll_5</name>
         <value>0x12800</value>
         <object_component_ref idref="oc-19f"/>
      </symbol>
      <symbol id="sm-840">
         <name>__mspabi_slll_4</name>
         <value>0x12804</value>
         <object_component_ref idref="oc-19f"/>
      </symbol>
      <symbol id="sm-841">
         <name>__mspabi_slll_3</name>
         <value>0x12808</value>
         <object_component_ref idref="oc-19f"/>
      </symbol>
      <symbol id="sm-842">
         <name>__mspabi_slll_2</name>
         <value>0x1280c</value>
         <object_component_ref idref="oc-19f"/>
      </symbol>
      <symbol id="sm-843">
         <name>__mspabi_slll_1</name>
         <value>0x12810</value>
         <object_component_ref idref="oc-19f"/>
      </symbol>
      <symbol id="sm-844">
         <name>__mspabi_slll</name>
         <value>0x12a94</value>
         <object_component_ref idref="oc-304"/>
      </symbol>
      <symbol id="sm-845">
         <name>__mspabi_slll_15</name>
         <value>0x127d8</value>
         <object_component_ref idref="oc-19f"/>
      </symbol>
      <symbol id="sm-846">
         <name>__mspabi_slll_14</name>
         <value>0x127dc</value>
         <object_component_ref idref="oc-19f"/>
      </symbol>
      <symbol id="sm-847">
         <name>__mspabi_slll_13</name>
         <value>0x127e0</value>
         <object_component_ref idref="oc-19f"/>
      </symbol>
      <symbol id="sm-848">
         <name>__mspabi_slll_12</name>
         <value>0x127e4</value>
         <object_component_ref idref="oc-19f"/>
      </symbol>
      <symbol id="sm-849">
         <name>__mspabi_slll_11</name>
         <value>0x127e8</value>
         <object_component_ref idref="oc-19f"/>
      </symbol>
      <symbol id="sm-84a">
         <name>__mspabi_slll_10</name>
         <value>0x127ec</value>
         <object_component_ref idref="oc-19f"/>
      </symbol>
      <symbol id="sm-852">
         <name>__mspabi_srll_8</name>
         <value>0x12832</value>
         <object_component_ref idref="oc-1c2"/>
      </symbol>
      <symbol id="sm-853">
         <name>__mspabi_srll_9</name>
         <value>0x1282e</value>
         <object_component_ref idref="oc-1c2"/>
      </symbol>
      <symbol id="sm-854">
         <name>__mspabi_srll_6</name>
         <value>0x1283a</value>
         <object_component_ref idref="oc-1c2"/>
      </symbol>
      <symbol id="sm-855">
         <name>__mspabi_srll_7</name>
         <value>0x12836</value>
         <object_component_ref idref="oc-1c2"/>
      </symbol>
      <symbol id="sm-856">
         <name>__mspabi_srll_4</name>
         <value>0x12842</value>
         <object_component_ref idref="oc-1c2"/>
      </symbol>
      <symbol id="sm-857">
         <name>__mspabi_srll_5</name>
         <value>0x1283e</value>
         <object_component_ref idref="oc-1c2"/>
      </symbol>
      <symbol id="sm-858">
         <name>__mspabi_srll_2</name>
         <value>0x1284a</value>
         <object_component_ref idref="oc-1c2"/>
      </symbol>
      <symbol id="sm-859">
         <name>__mspabi_srll_3</name>
         <value>0x12846</value>
         <object_component_ref idref="oc-1c2"/>
      </symbol>
      <symbol id="sm-85a">
         <name>__mspabi_srll_1</name>
         <value>0x1284e</value>
         <object_component_ref idref="oc-1c2"/>
      </symbol>
      <symbol id="sm-85b">
         <name>__mspabi_srll_15</name>
         <value>0x12816</value>
         <object_component_ref idref="oc-1c2"/>
      </symbol>
      <symbol id="sm-85c">
         <name>__mspabi_srll_14</name>
         <value>0x1281a</value>
         <object_component_ref idref="oc-1c2"/>
      </symbol>
      <symbol id="sm-85d">
         <name>__mspabi_srll_13</name>
         <value>0x1281e</value>
         <object_component_ref idref="oc-1c2"/>
      </symbol>
      <symbol id="sm-85e">
         <name>__mspabi_srll_12</name>
         <value>0x12822</value>
         <object_component_ref idref="oc-1c2"/>
      </symbol>
      <symbol id="sm-85f">
         <name>__mspabi_srll_11</name>
         <value>0x12826</value>
         <object_component_ref idref="oc-1c2"/>
      </symbol>
      <symbol id="sm-860">
         <name>__mspabi_srll_10</name>
         <value>0x1282a</value>
         <object_component_ref idref="oc-1c2"/>
      </symbol>
      <symbol id="sm-870">
         <name>_c_int00_noexit</name>
         <value>0x4400</value>
         <object_component_ref idref="oc-84"/>
      </symbol>
      <symbol id="sm-871">
         <name>_c_int00</name>
         <value>0x4400</value>
         <object_component_ref idref="oc-84"/>
      </symbol>
      <symbol id="sm-872">
         <name>_stack</name>
         <value>0x2360</value>
         <object_component_ref idref="oc-a1"/>
      </symbol>
      <symbol id="sm-873">
         <name>_reset_vector</name>
         <value>0xfffe</value>
         <object_component_ref idref="oc-a4"/>
      </symbol>
      <symbol id="sm-88c">
         <name>_auto_init_hold_wdt</name>
         <value>0x12338</value>
         <object_component_ref idref="oc-b0"/>
      </symbol>
      <symbol id="sm-895">
         <name>_system_pre_init</name>
         <value>0x12aea</value>
         <object_component_ref idref="oc-aa"/>
      </symbol>
      <symbol id="sm-89f">
         <name>C$$EXIT</name>
         <value>0x12aee</value>
         <object_component_ref idref="oc-bc"/>
      </symbol>
      <symbol id="sm-8a0">
         <name>abort</name>
         <value>0x12aee</value>
         <object_component_ref idref="oc-bc"/>
      </symbol>
      <symbol id="sm-8b4">
         <name>memcpy</name>
         <value>0x12a38</value>
         <object_component_ref idref="oc-c3"/>
      </symbol>
      <symbol id="sm-8b8">
         <name>__TI_args_main</name>
         <value>0x1</value>
      </symbol>
      <symbol id="sm-8b9">
         <name>__TI_INITARRAY_Base</name>
         <value>0x0</value>
      </symbol>
      <symbol id="sm-8ba">
         <name>__TI_INITARRAY_Limit</name>
         <value>0x0</value>
      </symbol>
      <symbol id="sm-8bb">
         <name>__TI_exit</name>
         <value>0x1</value>
      </symbol>
   </symbol_table>
   <title>Link successful</title>
</link_info>
